一、安装Ubuntu samba服务器

$ sudo apt-get install samba

$ sudo apt-get install smbclient # Linux客户端测试用

 


二、创建samba配置文件

1. 备份原配置文件

$ sudo cp /etc/samba/smb.conf /etc/samba/smb.conf.bak

 


2. 创建共享目录

$ sudo mkdir -p /home/share

一般来说，该目录的权限为755，将其改为777之后，Owner之外的其他用户才有权限写入。

$ sudo chmod 777 /home/share

 


3. 修改配置文件

$ sudo vim /etc/samba/smb.conf

after Global Setting  add 'usershare owner only = false'

在smb.conf最后添加：

[share]

        path = /home/share

        browseable = yes
	
	public = yes

        writable = yes

        comment = smb share test

另外，总结一下常见的samba配置及说明：

[share] # 该共享的共享名

        comment = smb share test # 该共享的备注

        path = /home/share # 共享路径

        allow hosts = host(subnet) # 设置该Samba服务器允许的工作组或者域

        deny hosts = host(subnet) # 设置该Samba服务器拒绝的工作组或者域

        available = yes|no # 设置该共享目录是否可用

        browseable = yes|no # 设置该共享目录是否可显示

        writable = yes|no # 指定了这个目录缺省是否可写，也可以用readonly = no来设置可写

        public = yes|no # 指明该共享资源是否能给游客帐号访问，guest ok = yes其实和public = yes是一样的

        user = user, @group # user设置所有可能使用该共享资源的用户，也可以用@group代表group这个组的所有成员，不同的项目之间用空格或者逗号隔开

        valid users = user, @group # 指定能够使用该共享资源的用户和组

        invalid users = user, @group # 指定不能够使用该共享资源的用户和组

        read list = user, @group # 指定只能读取该共享资源的用户和组

        write list = user, @group # 指定能读取和写该共享资源的用户和组

        admin list = user, @group # 指定能管理该共享资源（包括读写和权限赋予等）的用户和组

        hide dot files = yes|no # 指明是否像UNIX那样隐藏以“.”号开头的文件

        create mode = 0755 # 指明新建立的文件的属性，一般是0755

        directory mode = 0755 # 指明新建立的目录的属性，一般是0755

        sync always = yes|no # 指明对该共享资源进行写操作后是否进行同步操作

        short preserve case = yes|no # 指明是否区分文件名大小写

        preserve case = yes|no # 指明是否保持大小写

        case sensitive = yes|no # 指明是否对大小写敏感，一般选no，不然可能引起错误

        mangle case = yes|no # 指明混合大小写

        default case = upper|lower # 指明缺省的文件名是全部大写还是小写

        force user = testuser # 强制把建立文件的属主是谁。如果我有一个目录，让guest可以写，那么guest就可以删除，如果我用force user= testuser强制建立文件的属主是testuser，同时限制create mask = 0755，这样guest就不能删除了

        wide links = yes|no # 指明是否允许共享外符号连接，比如共享资源里面有个连接指向非共享资源里面的文件或者目录，如果设置wide links = no将使该连接不可用

        max connections = 100 # 设定最大同时连接数

        delete readonly = yes|no # 指明能否删除共享资源里面已经被定义为只读的文件

 


三、创建samba用户

注意，创建samba用户之前，必须先确保有一个同名的Linux用户，否则samba用户会创建失败。

$ sudo smbpasswd -a smbuser

 


四、重启samba服务

$ sudo service smbd restart

 


五. 客户端访问测试

1. Linux客户端访问测试

$ smbclient -L //localhost/share

 


2. Windows客户端访问测试

可以访问如下地址：

\\IP或者主机名\share

如果public = no，此时需要输入samba用户密码；如果public = yes，则作为nobody用户直接访问。

另外，在Windows客户端使用net use * /del /y这条命令可以清理访问缓存



five 如果是想设置一个需要账号登陆才能访问的共享文件夹

    你需要一个系统用户（新建或者已存在）,例如新建一个系统用户usamba:

    zhuben@zb:~$sudo adduser usamba

    建好后，将此用户添加到samba用户

    zhuben@zb:~$sudo smbpasswd -a usamba
    zhuben@zb:~$sudo smbpasswd -e usamba

    配置smb.conf文件，在最后加上

    [user]
    comment=samba
    path=/var/www/html
    public=no
    valid users=usamba
    create mask=0775
    directory mask=0775

    windows下打开开始-->运行-->输入\[ip address]\user-->输入账号密码

如果此时你尝试修改或者添加文件，提示没有权限的话：
原因：与你需要共享的文件夹的访问权限和你新建的samba用户的所拥有的访问权限相关。
比如说，我的/var/www/html的所属用户是root，所属用户组是root，权限是755。而我新建的系统用户usamba的所属的用户组是usamba，所以usamba用户是只能访问而不能修改。
这就是一个访问权限的问题，要让usamba用权限能修改，添加。这里就可以用很多种方法了。
我的办法是修改usamba的用户组和/var/www/html的用户组：

    zhuben@zb:~$sudo usermod -G zhuben usamba
    zhuben@zb:~$sudo chgrp -R zhuben /var/www/html